<?xml version="1.0" encoding="UTF-8"?>
<TestRun id="42b2d353-642d-4f7c-9917-a2491880aba7" name="JClaes@JCLAES-PC 2011-10-17 07:39:40" runUser="JClaes-PC\JClaes" xmlns="http://microsoft.com/schemas/VisualStudio/TeamTest/2010">
  <TestSettings name="Local" id="ab47060e-8f44-4890-bca8-a8d97dbd8c88">
    <Description>These are default test settings for a local test run.</Description>
    <Deployment enabled="false" runDeploymentRoot="JClaes_JCLAES-PC 2011-10-17 07_39_40">
      <DeploymentItem filename="C:\Users\JClaes\Docary\Docary\Docary\bin\Docary.dll" />
      <DeploymentItem filename="C:\Users\JClaes\Docary\Docary\Docary.Repositories.EF.Tests\Lib\EntityFramework.dll" />
      <DeploymentItem filename="C:\Users\JClaes\Docary\Docary\packages\EntityFramework.4.1.10331.0\lib\EntityFramework.dll" />
      <DeploymentItem filename="C:\Users\JClaes\Docary\Docary\Docary.ViewModelExtractors\bin\Debug\Docary.ViewModelExtractors.dll" />
      <DeploymentItem filename="C:\Users\JClaes\Docary\Docary\Docary\Lib\WebActivator.dll" />
      <DeploymentItem filename="C:\Users\JClaes\Docary\Docary\Docary\Lib\Ninject.Web.Mvc.dll" />
      <DeploymentItem filename="C:\Users\JClaes\Docary\Docary\Docary.Services\Lib\EntityFramework.dll" />
      <DeploymentItem filename="C:\Users\JClaes\Docary\Docary\Docary.Assemblers\Lib\AutoMapper.dll" />
      <DeploymentItem filename="C:\Users\JClaes\Docary\Docary\Docary\Lib\Ninject.dll" />
      <DeploymentItem filename="C:\Users\JClaes\Docary\Docary\Docary.ViewModels\bin\Debug\Docary.ViewModels.dll" />
      <DeploymentItem filename="C:\Users\JClaes\Docary\Docary\Docary.Assemblers\bin\Debug\Docary.ViewModelAssemblers.dll" />
      <DeploymentItem filename="C:\Users\JClaes\Docary\Docary\Docary.Services\bin\Debug\Docary.Services.dll" />
      <DeploymentItem filename="C:\Users\JClaes\Docary\Docary\Docary.Repositories.EF\bin\Debug\Docary.Repositories.EF.dll" />
      <DeploymentItem filename="C:\Users\JClaes\Docary\Docary\Docary.Models\bin\Debug\Docary.Models.dll" />
      <DeploymentItem filename="C:\Users\JClaes\Docary\Docary\Docary.Repositories\bin\Debug\Docary.Repositories.dll" />
    </Deployment>
    <Execution>
      <TestTypeSpecific />
      <AgentRule name="Execution Agents">
      </AgentRule>
    </Execution>
  </TestSettings>
  <Times creation="2011-10-17T07:39:40.1103547+02:00" queuing="2011-10-17T07:39:40.4067553+02:00" start="2011-10-17T07:39:40.4223553+02:00" finish="2011-10-17T07:39:42.8715596+02:00" />
  <ResultSummary outcome="Failed">
    <Counters total="10" executed="10" passed="9" error="0" failed="1" timeout="0" aborted="0" inconclusive="0" passedButRunAborted="0" notRunnable="0" notExecuted="0" disconnected="0" warning="0" completed="0" inProgress="0" pending="0" />
  </ResultSummary>
  <TestDefinitions>
    <UnitTest name="Test_ExtractEntry_Extracts_Meta" storage="c:\users\jclaes\docary\docary\docary.viewmodelextractors.tests\bin\debug\docary.viewmodelextractors.tests.dll" id="ef9f3eeb-9539-8b11-4361-9b2d1646ca12">
      <Execution id="73e70480-d9bd-48ec-8e74-d3523d7b081f" />
      <TestMethod codeBase="C:/Users/JClaes/Docary/Docary/Docary.ViewModelExtractors.Tests/bin/Debug/Docary.ViewModelExtractors.Tests.DLL" adapterTypeName="Microsoft.VisualStudio.TestTools.TestTypes.Unit.UnitTestAdapter, Microsoft.VisualStudio.QualityTools.Tips.UnitTest.Adapter, Version=10.0.0.0, Culture=neutral, PublicKeyToken=b03f5f7f11d50a3a" className="Docary.ViewModelExtractors.Tests.AddEntryViewModelExtractorsTest, Docary.ViewModelExtractors.Tests, Version=1.0.0.0, Culture=neutral, PublicKeyToken=null" name="Test_ExtractEntry_Extracts_Meta" />
    </UnitTest>
    <UnitTest name="Test_Add_Redirects_To_Home_Index_Route_When_Entry_SuccessFully_Added" storage="c:\users\jclaes\docary\docary\docary.tests\bin\debug\docary.tests.dll" id="b7cf4c24-88dc-6011-d759-a9e0b317469a">
      <Execution id="7ac66237-4e92-4710-b9ad-3d0c42e3f37a" />
      <TestMethod codeBase="C:/Users/JClaes/Docary/Docary/Docary.Tests/bin/Debug/Docary.Tests.DLL" adapterTypeName="Microsoft.VisualStudio.TestTools.TestTypes.Unit.UnitTestAdapter, Microsoft.VisualStudio.QualityTools.Tips.UnitTest.Adapter, Version=10.0.0.0, Culture=neutral, PublicKeyToken=b03f5f7f11d50a3a" className="Docary.Tests.EntryControllerTest, Docary.Tests, Version=1.0.0.0, Culture=neutral, PublicKeyToken=null" name="Test_Add_Redirects_To_Home_Index_Route_When_Entry_SuccessFully_Added" />
    </UnitTest>
    <UnitTest name="Test_GetEntries_Returns_More_Than_Zero_Results" storage="c:\users\jclaes\docary\docary\docary.repositories.ef.tests\bin\debug\docary.repositories.ef.tests.dll" id="4e8368e2-4d8a-9ca9-7729-ab600cf8ec26">
      <Execution id="e0657126-0f4b-4e7f-9b94-e1bdae798bd9" />
      <TestMethod codeBase="C:/Users/JClaes/Docary/Docary/Docary.Repositories.EF.Tests/bin/Debug/Docary.Repositories.EF.Tests.DLL" adapterTypeName="Microsoft.VisualStudio.TestTools.TestTypes.Unit.UnitTestAdapter, Microsoft.VisualStudio.QualityTools.Tips.UnitTest.Adapter, Version=10.0.0.0, Culture=neutral, PublicKeyToken=b03f5f7f11d50a3a" className="Docary.Repositories.EntryRepositoryTest, Docary.Repositories.EF.Tests, Version=1.0.0.0, Culture=neutral, PublicKeyToken=null" name="Test_GetEntries_Returns_More_Than_Zero_Results" />
    </UnitTest>
    <UnitTest name="Test_AddEntry_Throws_ArgumentNullException_On_Null_Entry" storage="c:\users\jclaes\docary\docary\docary.services.tests\bin\debug\docary.services.tests.dll" id="af0d5136-9541-2efb-9ac2-5bd70ce52a5a">
      <Execution id="224963d4-4cff-402c-9e0f-4b611d6bae39" />
      <TestMethod codeBase="C:/Users/JClaes/Docary/Docary/Docary.Services.Tests/bin/Debug/Docary.Services.Tests.DLL" adapterTypeName="Microsoft.VisualStudio.TestTools.TestTypes.Unit.UnitTestAdapter, Microsoft.VisualStudio.QualityTools.Tips.UnitTest.Adapter, Version=10.0.0.0, Culture=neutral, PublicKeyToken=b03f5f7f11d50a3a" className="Docary.Services.Tests.EntryServiceTest, Docary.Services.Tests, Version=1.0.0.0, Culture=neutral, PublicKeyToken=null" name="Test_AddEntry_Throws_ArgumentNullException_On_Null_Entry" />
    </UnitTest>
    <UnitTest name="Test_Add_Does_Not_Redirect_To_Route_When_ModelState_Invalid" storage="c:\users\jclaes\docary\docary\docary.tests\bin\debug\docary.tests.dll" id="e48ccffb-68f6-97e2-87e3-f5b62fa709c4">
      <Execution id="a0d41b4f-a441-4c06-928f-ca511de7164d" />
      <TestMethod codeBase="C:/Users/JClaes/Docary/Docary/Docary.Tests/bin/Debug/Docary.Tests.DLL" adapterTypeName="Microsoft.VisualStudio.TestTools.TestTypes.Unit.UnitTestAdapter, Microsoft.VisualStudio.QualityTools.Tips.UnitTest.Adapter, Version=10.0.0.0, Culture=neutral, PublicKeyToken=b03f5f7f11d50a3a" className="Docary.Tests.EntryControllerTest, Docary.Tests, Version=1.0.0.0, Culture=neutral, PublicKeyToken=null" name="Test_Add_Does_Not_Redirect_To_Route_When_ModelState_Invalid" />
    </UnitTest>
    <UnitTest name="AssembleHomeIndexViewModelTest" storage="c:\users\jclaes\docary\docary\docary.viewmodelassemblers.test\bin\debug\docary.viewmodelassemblers.test.dll" id="64eace20-4615-2eba-f2f6-404c5c5f0828">
      <Execution id="dd53cc00-2341-45f0-9dbd-9039e6feb048" />
      <TestMethod codeBase="C:/Users/JClaes/Docary/Docary/Docary.ViewModelAssemblers.Test/bin/Debug/Docary.ViewModelAssemblers.Test.DLL" adapterTypeName="Microsoft.VisualStudio.TestTools.TestTypes.Unit.UnitTestAdapter, Microsoft.VisualStudio.QualityTools.Tips.UnitTest.Adapter, Version=10.0.0.0, Culture=neutral, PublicKeyToken=b03f5f7f11d50a3a" className="Docary.ViewModelAssemblers.Test.HomeAssemblerTest, Docary.ViewModelAssemblers.Test, Version=1.0.0.0, Culture=neutral, PublicKeyToken=null" name="AssembleHomeIndexViewModelTest" />
    </UnitTest>
    <UnitTest name="Test_ExtractEntry_Extracts_Location" storage="c:\users\jclaes\docary\docary\docary.viewmodelextractors.tests\bin\debug\docary.viewmodelextractors.tests.dll" id="299c8b34-16fd-2ab6-8232-65326c4dddc3">
      <Execution id="0b451d03-0a9b-4180-a092-5f760d2d9caf" />
      <TestMethod codeBase="C:/Users/JClaes/Docary/Docary/Docary.ViewModelExtractors.Tests/bin/Debug/Docary.ViewModelExtractors.Tests.DLL" adapterTypeName="Microsoft.VisualStudio.TestTools.TestTypes.Unit.UnitTestAdapter, Microsoft.VisualStudio.QualityTools.Tips.UnitTest.Adapter, Version=10.0.0.0, Culture=neutral, PublicKeyToken=b03f5f7f11d50a3a" className="Docary.ViewModelExtractors.Tests.AddEntryViewModelExtractorsTest, Docary.ViewModelExtractors.Tests, Version=1.0.0.0, Culture=neutral, PublicKeyToken=null" name="Test_ExtractEntry_Extracts_Location" />
    </UnitTest>
    <UnitTest name="Test_AddEntry_Can_Resolve_Location_By_Name" storage="c:\users\jclaes\docary\docary\docary.services.tests\bin\debug\docary.services.tests.dll" id="e22b0a39-8712-ff17-a3c6-fd8ab6a0f777">
      <Execution id="8cc9a5b6-cfbb-42a4-a548-8886f6c63b4f" />
      <TestMethod codeBase="C:/Users/JClaes/Docary/Docary/Docary.Services.Tests/bin/Debug/Docary.Services.Tests.DLL" adapterTypeName="Microsoft.VisualStudio.TestTools.TestTypes.Unit.UnitTestAdapter, Microsoft.VisualStudio.QualityTools.Tips.UnitTest.Adapter, Version=10.0.0.0, Culture=neutral, PublicKeyToken=b03f5f7f11d50a3a" className="Docary.Services.Tests.EntryServiceTest, Docary.Services.Tests, Version=1.0.0.0, Culture=neutral, PublicKeyToken=null" name="Test_AddEntry_Can_Resolve_Location_By_Name" />
    </UnitTest>
    <UnitTest name="Test_ExtractEntry_Extracts_Activity" storage="c:\users\jclaes\docary\docary\docary.viewmodelextractors.tests\bin\debug\docary.viewmodelextractors.tests.dll" id="ee6fb9b2-873d-aced-ffc4-2927de3c84c2">
      <Execution id="5aee91b9-9c11-469f-8f67-2204f93e7957" />
      <TestMethod codeBase="C:/Users/JClaes/Docary/Docary/Docary.ViewModelExtractors.Tests/bin/Debug/Docary.ViewModelExtractors.Tests.DLL" adapterTypeName="Microsoft.VisualStudio.TestTools.TestTypes.Unit.UnitTestAdapter, Microsoft.VisualStudio.QualityTools.Tips.UnitTest.Adapter, Version=10.0.0.0, Culture=neutral, PublicKeyToken=b03f5f7f11d50a3a" className="Docary.ViewModelExtractors.Tests.AddEntryViewModelExtractorsTest, Docary.ViewModelExtractors.Tests, Version=1.0.0.0, Culture=neutral, PublicKeyToken=null" name="Test_ExtractEntry_Extracts_Activity" />
    </UnitTest>
    <UnitTest name="Test_Add_Redirects_To_Route_When_Entry_SuccessFully_Added" storage="c:\users\jclaes\docary\docary\docary.tests\bin\debug\docary.tests.dll" id="26113fd8-6e55-8c37-2eda-28ff67657779">
      <Execution id="70c533e9-fe2d-4494-81bf-f4e663d44a05" />
      <TestMethod codeBase="C:/Users/JClaes/Docary/Docary/Docary.Tests/bin/Debug/Docary.Tests.DLL" adapterTypeName="Microsoft.VisualStudio.TestTools.TestTypes.Unit.UnitTestAdapter, Microsoft.VisualStudio.QualityTools.Tips.UnitTest.Adapter, Version=10.0.0.0, Culture=neutral, PublicKeyToken=b03f5f7f11d50a3a" className="Docary.Tests.EntryControllerTest, Docary.Tests, Version=1.0.0.0, Culture=neutral, PublicKeyToken=null" name="Test_Add_Redirects_To_Route_When_Entry_SuccessFully_Added" />
    </UnitTest>
  </TestDefinitions>
  <TestLists>
    <TestList name="Results Not in a List" id="8c84fa94-04c1-424b-9868-57a2d4851a1d" />
    <TestList name="All Loaded Results" id="19431567-8539-422a-85d7-44ee4e166bda" />
  </TestLists>
  <TestEntries>
    <TestEntry testId="26113fd8-6e55-8c37-2eda-28ff67657779" executionId="70c533e9-fe2d-4494-81bf-f4e663d44a05" testListId="8c84fa94-04c1-424b-9868-57a2d4851a1d" />
    <TestEntry testId="299c8b34-16fd-2ab6-8232-65326c4dddc3" executionId="0b451d03-0a9b-4180-a092-5f760d2d9caf" testListId="8c84fa94-04c1-424b-9868-57a2d4851a1d" />
    <TestEntry testId="4e8368e2-4d8a-9ca9-7729-ab600cf8ec26" executionId="e0657126-0f4b-4e7f-9b94-e1bdae798bd9" testListId="8c84fa94-04c1-424b-9868-57a2d4851a1d" />
    <TestEntry testId="64eace20-4615-2eba-f2f6-404c5c5f0828" executionId="dd53cc00-2341-45f0-9dbd-9039e6feb048" testListId="8c84fa94-04c1-424b-9868-57a2d4851a1d" />
    <TestEntry testId="af0d5136-9541-2efb-9ac2-5bd70ce52a5a" executionId="224963d4-4cff-402c-9e0f-4b611d6bae39" testListId="8c84fa94-04c1-424b-9868-57a2d4851a1d" />
    <TestEntry testId="b7cf4c24-88dc-6011-d759-a9e0b317469a" executionId="7ac66237-4e92-4710-b9ad-3d0c42e3f37a" testListId="8c84fa94-04c1-424b-9868-57a2d4851a1d" />
    <TestEntry testId="e22b0a39-8712-ff17-a3c6-fd8ab6a0f777" executionId="8cc9a5b6-cfbb-42a4-a548-8886f6c63b4f" testListId="8c84fa94-04c1-424b-9868-57a2d4851a1d" />
    <TestEntry testId="e48ccffb-68f6-97e2-87e3-f5b62fa709c4" executionId="a0d41b4f-a441-4c06-928f-ca511de7164d" testListId="8c84fa94-04c1-424b-9868-57a2d4851a1d" />
    <TestEntry testId="ee6fb9b2-873d-aced-ffc4-2927de3c84c2" executionId="5aee91b9-9c11-469f-8f67-2204f93e7957" testListId="8c84fa94-04c1-424b-9868-57a2d4851a1d" />
    <TestEntry testId="ef9f3eeb-9539-8b11-4361-9b2d1646ca12" executionId="73e70480-d9bd-48ec-8e74-d3523d7b081f" testListId="8c84fa94-04c1-424b-9868-57a2d4851a1d" />
  </TestEntries>
  <Results>
    <UnitTestResult executionId="70c533e9-fe2d-4494-81bf-f4e663d44a05" testId="26113fd8-6e55-8c37-2eda-28ff67657779" testName="Test_Add_Redirects_To_Route_When_Entry_SuccessFully_Added" computerName="JCLAES-PC" duration="00:00:00.0625023" startTime="2011-10-17T07:39:40.4379553+02:00" endTime="2011-10-17T07:39:40.9059561+02:00" testType="13cdc9d9-ddb5-4fa4-a97d-d965ccfc6d4b" outcome="Passed" testListId="8c84fa94-04c1-424b-9868-57a2d4851a1d" relativeResultsDirectory="70c533e9-fe2d-4494-81bf-f4e663d44a05">
    </UnitTestResult>
    <UnitTestResult executionId="0b451d03-0a9b-4180-a092-5f760d2d9caf" testId="299c8b34-16fd-2ab6-8232-65326c4dddc3" testName="Test_ExtractEntry_Extracts_Location" computerName="JCLAES-PC" duration="00:00:00.0372275" startTime="2011-10-17T07:39:40.9059561+02:00" endTime="2011-10-17T07:39:41.3271569+02:00" testType="13cdc9d9-ddb5-4fa4-a97d-d965ccfc6d4b" outcome="Passed" testListId="8c84fa94-04c1-424b-9868-57a2d4851a1d" relativeResultsDirectory="0b451d03-0a9b-4180-a092-5f760d2d9caf">
    </UnitTestResult>
    <UnitTestResult executionId="e0657126-0f4b-4e7f-9b94-e1bdae798bd9" testId="4e8368e2-4d8a-9ca9-7729-ab600cf8ec26" testName="Test_GetEntries_Returns_More_Than_Zero_Results" computerName="JCLAES-PC" duration="00:00:00.0441781" startTime="2011-10-17T07:39:41.3271569+02:00" endTime="2011-10-17T07:39:41.7795577+02:00" testType="13cdc9d9-ddb5-4fa4-a97d-d965ccfc6d4b" outcome="Passed" testListId="8c84fa94-04c1-424b-9868-57a2d4851a1d" relativeResultsDirectory="e0657126-0f4b-4e7f-9b94-e1bdae798bd9">
    </UnitTestResult>
    <UnitTestResult executionId="dd53cc00-2341-45f0-9dbd-9039e6feb048" testId="64eace20-4615-2eba-f2f6-404c5c5f0828" testName="AssembleHomeIndexViewModelTest" computerName="JCLAES-PC" duration="00:00:00.0383663" startTime="2011-10-17T07:39:41.7795577+02:00" endTime="2011-10-17T07:39:42.2163584+02:00" testType="13cdc9d9-ddb5-4fa4-a97d-d965ccfc6d4b" outcome="Passed" testListId="8c84fa94-04c1-424b-9868-57a2d4851a1d" relativeResultsDirectory="dd53cc00-2341-45f0-9dbd-9039e6feb048">
    </UnitTestResult>
    <UnitTestResult executionId="224963d4-4cff-402c-9e0f-4b611d6bae39" testId="af0d5136-9541-2efb-9ac2-5bd70ce52a5a" testName="Test_AddEntry_Throws_ArgumentNullException_On_Null_Entry" computerName="JCLAES-PC" duration="00:00:00.0521784" startTime="2011-10-17T07:39:42.2163584+02:00" endTime="2011-10-17T07:39:42.6843593+02:00" testType="13cdc9d9-ddb5-4fa4-a97d-d965ccfc6d4b" outcome="Passed" testListId="8c84fa94-04c1-424b-9868-57a2d4851a1d" relativeResultsDirectory="224963d4-4cff-402c-9e0f-4b611d6bae39">
    </UnitTestResult>
    <UnitTestResult executionId="7ac66237-4e92-4710-b9ad-3d0c42e3f37a" testId="b7cf4c24-88dc-6011-d759-a9e0b317469a" testName="Test_Add_Redirects_To_Home_Index_Route_When_Entry_SuccessFully_Added" computerName="JCLAES-PC" duration="00:00:00.0007031" startTime="2011-10-17T07:39:42.6843593+02:00" endTime="2011-10-17T07:39:42.6999593+02:00" testType="13cdc9d9-ddb5-4fa4-a97d-d965ccfc6d4b" outcome="Passed" testListId="8c84fa94-04c1-424b-9868-57a2d4851a1d" relativeResultsDirectory="7ac66237-4e92-4710-b9ad-3d0c42e3f37a">
    </UnitTestResult>
    <UnitTestResult executionId="8cc9a5b6-cfbb-42a4-a548-8886f6c63b4f" testId="e22b0a39-8712-ff17-a3c6-fd8ab6a0f777" testName="Test_AddEntry_Can_Resolve_Location_By_Name" computerName="JCLAES-PC" duration="00:00:00.0499310" startTime="2011-10-17T07:39:42.6999593+02:00" endTime="2011-10-17T07:39:42.7467594+02:00" testType="13cdc9d9-ddb5-4fa4-a97d-d965ccfc6d4b" outcome="Failed" testListId="8c84fa94-04c1-424b-9868-57a2d4851a1d" relativeResultsDirectory="8cc9a5b6-cfbb-42a4-a548-8886f6c63b4f">
      <Output>
        <ErrorInfo>
          <Message>Test method Docary.Services.Tests.EntryServiceTest.Test_AddEntry_Can_Resolve_Location_By_Name threw exception: 
System.ArgumentNullException: Value cannot be null.
Parameter name: Entry</Message>
          <StackTrace>    at Docary.Services.EntryService.AddEntry(Entry entry) in C:\Users\JClaes\Docary\Docary\Docary.Services\EntryService.cs:line 38
   at Docary.Services.Tests.EntryServiceTest.Test_AddEntry_Can_Resolve_Location_By_Name() in C:\Users\JClaes\Docary\Docary\Docary.Services.Tests\EntryServiceTest.cs:line 26
</StackTrace>
        </ErrorInfo>
      </Output>
    </UnitTestResult>
    <UnitTestResult executionId="a0d41b4f-a441-4c06-928f-ca511de7164d" testId="e48ccffb-68f6-97e2-87e3-f5b62fa709c4" testName="Test_Add_Does_Not_Redirect_To_Route_When_ModelState_Invalid" computerName="JCLAES-PC" duration="00:00:00.0010271" startTime="2011-10-17T07:39:42.7623594+02:00" endTime="2011-10-17T07:39:42.7623594+02:00" testType="13cdc9d9-ddb5-4fa4-a97d-d965ccfc6d4b" outcome="Passed" testListId="8c84fa94-04c1-424b-9868-57a2d4851a1d" relativeResultsDirectory="a0d41b4f-a441-4c06-928f-ca511de7164d">
    </UnitTestResult>
    <UnitTestResult executionId="5aee91b9-9c11-469f-8f67-2204f93e7957" testId="ee6fb9b2-873d-aced-ffc4-2927de3c84c2" testName="Test_ExtractEntry_Extracts_Activity" computerName="JCLAES-PC" duration="00:00:00.0005735" startTime="2011-10-17T07:39:42.7623594+02:00" endTime="2011-10-17T07:39:42.7779594+02:00" testType="13cdc9d9-ddb5-4fa4-a97d-d965ccfc6d4b" outcome="Passed" testListId="8c84fa94-04c1-424b-9868-57a2d4851a1d" relativeResultsDirectory="5aee91b9-9c11-469f-8f67-2204f93e7957">
    </UnitTestResult>
    <UnitTestResult executionId="73e70480-d9bd-48ec-8e74-d3523d7b081f" testId="ef9f3eeb-9539-8b11-4361-9b2d1646ca12" testName="Test_ExtractEntry_Extracts_Meta" computerName="JCLAES-PC" duration="00:00:00.0005068" startTime="2011-10-17T07:39:42.7779594+02:00" endTime="2011-10-17T07:39:42.7779594+02:00" testType="13cdc9d9-ddb5-4fa4-a97d-d965ccfc6d4b" outcome="Passed" testListId="8c84fa94-04c1-424b-9868-57a2d4851a1d" relativeResultsDirectory="73e70480-d9bd-48ec-8e74-d3523d7b081f">
    </UnitTestResult>
  </Results>
</TestRun>